BL51 BANKED LINKER/LOCATER V6.22                                                        06/12/2022  21:46:32  PAGE 1


BL51 BANKED LINKER/LOCATER V6.22, INVOKED BY:
E:\KEIL5\C51\BIN\BL51.EXE .\Objects\STARTUP.obj, .\Objects\mian.obj TO .\Objects\test PRINT (.\Listings\test.m51) RAMSIZ
>> E (256)


MEMORY MODEL: SMALL


INPUT MODULES INCLUDED:
  .\Objects\STARTUP.obj (?C_STARTUP)
  .\Objects\mian.obj (MIAN)


LINK MAP OF MODULE:  .\Objects\test (?C_STARTUP)


            TYPE    BASE      LENGTH    RELOCATION   SEGMENT NAME
            -----------------------------------------------------

            * * * * * * *   D A T A   M E M O R Y   * * * * * * *
            REG     0000H     0008H     ABSOLUTE     "REG BANK 0"
            IDATA   0008H     0001H     UNIT         ?STACK

            * * * * * * *   C O D E   M E M O R Y   * * * * * * *
            CODE    0000H     0003H     ABSOLUTE     
            CODE    0003H     0032H     UNIT         ?PR?MAIN?MIAN
            CODE    0035H     000CH     UNIT         ?C_C51STARTUP



OVERLAY MAP OF MODULE:   .\Objects\test (?C_STARTUP)


SEGMENT
  +--> CALLED SEGMENT
---------------------
?C_C51STARTUP
  +--> ?PR?MAIN?MIAN



SYMBOL TABLE OF MODULE:  .\Objects\test (?C_STARTUP)

  VALUE           TYPE          NAME
  ----------------------------------

  -------         MODULE        ?C_STARTUP
  C:0035H         SEGMENT       ?C_C51STARTUP
  I:0008H         SEGMENT       ?STACK
  C:0000H         PUBLIC        ?C_STARTUP
  D:00E0H         SYMBOL        ACC
  D:00F0H         SYMBOL        B
  D:0083H         SYMBOL        DPH
  D:0082H         SYMBOL        DPL
  N:0000H         SYMBOL        IBPSTACK
  N:0100H         SYMBOL        IBPSTACKTOP
  N:0080H         SYMBOL        IDATALEN
  C:0038H         SYMBOL        IDATALOOP
BL51 BANKED LINKER/LOCATER V6.22                                                      06/12/2022  21:46:32  PAGE 2


  N:0000H         SYMBOL        PBPSTACK
  N:0100H         SYMBOL        PBPSTACKTOP
  N:0000H         SYMBOL        PDATALEN
  N:0000H         SYMBOL        PDATASTART
  N:0000H         SYMBOL        PPAGE
  N:0000H         SYMBOL        PPAGEENABLE
  D:00A0H         SYMBOL        PPAGE_SFR
  D:0081H         SYMBOL        SP
  C:0035H         SYMBOL        STARTUP1
  N:0000H         SYMBOL        XBPSTACK
  N:0000H         SYMBOL        XBPSTACKTOP
  N:0000H         SYMBOL        XDATALEN
  N:0000H         SYMBOL        XDATASTART
  C:0000H         LINE#         126
  C:0035H         LINE#         133
  C:0037H         LINE#         134
  C:0038H         LINE#         135
  C:0039H         LINE#         136
  C:003BH         LINE#         185
  C:003EH         LINE#         196
  -------         ENDMOD        ?C_STARTUP

  -------         MODULE        MIAN
  C:0000H         SYMBOL        _ICE_DUMMY_
  D:0080H         PUBLIC        P0
  D:00A0H         PUBLIC        P2
  B:00B0H.0       PUBLIC        P3_0
  B:00B0H.1       PUBLIC        P3_1
  B:00B0H.2       PUBLIC        P3_2
  B:00B0H.3       PUBLIC        P3_3
  C:0003H         PUBLIC        main
  -------         PROC          MAIN
  C:0003H         LINE#         3
  C:0003H         LINE#         4
  C:0003H         LINE#         5
  C:0006H         LINE#         6
  C:0009H         LINE#         7
  C:0009H         LINE#         8
  C:0009H         LINE#         9
  C:000CH         LINE#         10
  C:000CH         LINE#         11
  C:000FH         LINE#         12
  C:0012H         LINE#         13
  C:0014H         LINE#         14
  C:0017H         LINE#         15
  C:0017H         LINE#         16
  C:001AH         LINE#         17
  C:001DH         LINE#         18
  C:001FH         LINE#         19
  C:0022H         LINE#         20
  C:0022H         LINE#         21
  C:0025H         LINE#         22
  C:0028H         LINE#         23
  C:002AH         LINE#         24
  C:002DH         LINE#         25
  C:002DH         LINE#         26
  C:0030H         LINE#         27
BL51 BANKED LINKER/LOCATER V6.22                                                      06/12/2022  21:46:32  PAGE 3


  C:0033H         LINE#         28
  C:0033H         LINE#         29
  -------         ENDPROC       MAIN
  -------         ENDMOD        MIAN

Program Size: data=9.0 xdata=0 code=65
LINK/LOCATE RUN COMPLETE.  0 WARNING(S),  0 ERROR(S)
