BL51 BANKED LINKER/LOCATER V6.22                                                        06/26/2022  22:44:03  PAGE 1


BL51 BANKED LINKER/LOCATER V6.22, INVOKED BY:
E:\KEIL5\C51\BIN\BL51.EXE .\Objects\STARTUP.obj, .\Objects\main.obj, .\Objects\LCD1602.obj TO .\Objects\test6 PRINT (.\L
>> istings\test6.m51) RAMSIZE (256)


MEMORY MODEL: SMALL


INPUT MODULES INCLUDED:
  .\Objects\STARTUP.obj (?C_STARTUP)
  .\Objects\main.obj (MAIN)
  .\Objects\LCD1602.obj (LCD1602)
  E:\KEIL5\C51\LIB\C51S.LIB (?C?CLDOPTR)
  E:\KEIL5\C51\LIB\C51S.LIB (?C?IMUL)
  E:\KEIL5\C51\LIB\C51S.LIB (?C?UIDIV)


LINK MAP OF MODULE:  .\Objects\test6 (?C_STARTUP)


            TYPE    BASE      LENGTH    RELOCATION   SEGMENT NAME
            -----------------------------------------------------

            * * * * * * *   D A T A   M E M O R Y   * * * * * * *
            REG     0000H     0008H     ABSOLUTE     "REG BANK 0"
            DATA    0008H     0007H     UNIT         ?DT?_LCD_SHOWSIGNEDNUM?LCD1602
            DATA    000FH     0005H     UNIT         ?DT?_LCD_SHOWNUM?LCD1602
            DATA    0014H     0005H     UNIT         ?DT?_LCD_SHOWHEXNUM?LCD1602
            DATA    0019H     0005H     UNIT         ?DT?_LCD_SHOWBINNUM?LCD1602
            DATA    001EH     0004H     UNIT         ?DT?_LCD_POW?LCD1602
            DATA    0022H     0003H     UNIT         _DATA_GROUP_
            IDATA   0025H     0001H     UNIT         ?STACK

            * * * * * * *   C O D E   M E M O R Y   * * * * * * *
            CODE    0000H     0003H     ABSOLUTE     
            CODE    0003H     001EH     UNIT         ?PR?_LCD_WRITEDATA?LCD1602
                    0021H     0002H                  *** GAP ***
            CODE    0023H     0003H     ABSOLUTE     
            CODE    0026H     0094H     UNIT         ?C?LIB_CODE
            CODE    00BAH     0052H     UNIT         ?PR?UART_ROUTINE?MAIN
            CODE    010CH     003AH     UNIT         ?PR?_LCD_SHOWSIGNEDNUM?LCD1602
            CODE    0146H     0039H     UNIT         ?PR?_LCD_SHOWHEXNUM?LCD1602
            CODE    017FH     0038H     UNIT         ?PR?_LCD_SHOWBINNUM?LCD1602
            CODE    01B7H     0033H     UNIT         ?PR?_LCD_POW?LCD1602
            CODE    01EAH     002FH     UNIT         ?PR?MAIN?MAIN
            CODE    0219H     0023H     UNIT         ?PR?_LCD_SHOWSTRING?LCD1602
            CODE    023CH     001DH     UNIT         ?PR?_LCD_SHOWNUM?LCD1602
            CODE    0259H     001BH     UNIT         ?PR?UARTINIT?MAIN
            CODE    0274H     001BH     UNIT         ?CO?MAIN
            CODE    028FH     0016H     UNIT         ?PR?_LCD_SETCURSOR?LCD1602
            CODE    02A5H     0014H     UNIT         ?PR?LCD_INIT?LCD1602
            CODE    02B9H     000FH     UNIT         ?PR?LCD_DELAY?LCD1602
            CODE    02C8H     000CH     UNIT         ?C_C51STARTUP
            CODE    02D4H     000AH     UNIT         ?PR?_LCD_WRITECOMMAND?LCD1602
            CODE    02DEH     000AH     UNIT         ?PR?_LCD_SHOWCHAR?LCD1602
            CODE    02E8H     0008H     UNIT         ?PR?_UART_SENDBYTE?MAIN


BL51 BANKED LINKER/LOCATER V6.22                                                      06/26/2022  22:44:03  PAGE 2



OVERLAY MAP OF MODULE:   .\Objects\test6 (?C_STARTUP)


SEGMENT                                  DATA_GROUP 
  +--> CALLED SEGMENT                  START    LENGTH
------------------------------------------------------
?C_C51STARTUP                          -----    -----
  +--> ?PR?MAIN?MAIN

?PR?MAIN?MAIN                          -----    -----
  +--> ?PR?UARTINIT?MAIN
  +--> ?PR?LCD_INIT?LCD1602
  +--> ?CO?MAIN
  +--> ?PR?_LCD_SHOWSTRING?LCD1602

?PR?LCD_INIT?LCD1602                   -----    -----
  +--> ?PR?_LCD_WRITECOMMAND?LCD1602

?PR?_LCD_WRITECOMMAND?LCD1602          -----    -----
  +--> ?PR?LCD_DELAY?LCD1602

?PR?_LCD_SHOWSTRING?LCD1602            0022H    0003H
  +--> ?PR?_LCD_SETCURSOR?LCD1602
  +--> ?PR?_LCD_WRITEDATA?LCD1602

?PR?_LCD_SETCURSOR?LCD1602             -----    -----
  +--> ?PR?_LCD_WRITECOMMAND?LCD1602

?PR?_LCD_WRITEDATA?LCD1602             -----    -----
  +--> ?PR?LCD_DELAY?LCD1602

*** NEW ROOT ***************************************************

?PR?UART_ROUTINE?MAIN                  -----    -----
  +--> ?PR?_LCD_SHOWCHAR?LCD1602

?PR?_LCD_SHOWCHAR?LCD1602              -----    -----
  +--> ?PR?_LCD_SETCURSOR?LCD1602
  +--> ?PR?_LCD_WRITEDATA?LCD1602



SYMBOL TABLE OF MODULE:  .\Objects\test6 (?C_STARTUP)

  VALUE           TYPE          NAME
  ----------------------------------

  -------         MODULE        ?C_STARTUP
  C:02C8H         SEGMENT       ?C_C51STARTUP
  I:0025H         SEGMENT       ?STACK
  C:0000H         PUBLIC        ?C_STARTUP
  D:00E0H         SYMBOL        ACC
  D:00F0H         SYMBOL        B
  D:0083H         SYMBOL        DPH
  D:0082H         SYMBOL        DPL
  N:0000H         SYMBOL        IBPSTACK
BL51 BANKED LINKER/LOCATER V6.22                                                      06/26/2022  22:44:03  PAGE 3


  N:0100H         SYMBOL        IBPSTACKTOP
  N:0080H         SYMBOL        IDATALEN
  C:02CBH         SYMBOL        IDATALOOP
  N:0000H         SYMBOL        PBPSTACK
  N:0100H         SYMBOL        PBPSTACKTOP
  N:0000H         SYMBOL        PDATALEN
  N:0000H         SYMBOL        PDATASTART
  N:0000H         SYMBOL        PPAGE
  N:0000H         SYMBOL        PPAGEENABLE
  D:00A0H         SYMBOL        PPAGE_SFR
  D:0081H         SYMBOL        SP
  C:02C8H         SYMBOL        STARTUP1
  N:0000H         SYMBOL        XBPSTACK
  N:0000H         SYMBOL        XBPSTACKTOP
  N:0000H         SYMBOL        XDATALEN
  N:0000H         SYMBOL        XDATASTART
  C:0000H         LINE#         126
  C:02C8H         LINE#         133
  C:02CAH         LINE#         134
  C:02CBH         LINE#         135
  C:02CCH         LINE#         136
  C:02CEH         LINE#         185
  C:02D1H         LINE#         196
  -------         ENDMOD        ?C_STARTUP

  -------         MODULE        MAIN
  C:0000H         SYMBOL        _ICE_DUMMY_
  B:00A8H.7       PUBLIC        EA
  C:00BAH         PUBLIC        UART_Routine
  B:00A8H.4       PUBLIC        ES
  B:0098H.0       PUBLIC        RI
  B:0098H.1       PUBLIC        TI
  C:01EAH         PUBLIC        main
  D:0099H         PUBLIC        SBUF
  D:0087H         PUBLIC        PCON
  D:0098H         PUBLIC        SCON
  C:0259H         PUBLIC        UartInit
  D:0089H         PUBLIC        TMOD
  C:02E8H         PUBLIC        _UART_SendByte
  B:00A8H.3       PUBLIC        ET1
  D:008DH         PUBLIC        TH1
  D:008BH         PUBLIC        TL1
  B:0088H.6       PUBLIC        TR1
  -------         PROC          UARTINIT
  C:0259H         LINE#         9
  C:0259H         LINE#         10
  C:0259H         LINE#         11
  C:025CH         LINE#         12
  C:025FH         LINE#         13
  C:0262H         LINE#         14
  C:0265H         LINE#         15
  C:0268H         LINE#         16
  C:026BH         LINE#         17
  C:026DH         LINE#         18
  C:026FH         LINE#         19
  C:0271H         LINE#         20
  C:0273H         LINE#         21
BL51 BANKED LINKER/LOCATER V6.22                                                      06/26/2022  22:44:03  PAGE 4


  -------         ENDPROC       UARTINIT
  -------         PROC          _UART_SENDBYTE
  D:0007H         SYMBOL        Byte
  C:02E8H         LINE#         28
  C:02E8H         LINE#         29
  C:02E8H         LINE#         30
  C:02EAH         LINE#         31
  C:02EDH         LINE#         32
  C:02EFH         LINE#         33
  -------         ENDPROC       _UART_SENDBYTE
  -------         PROC          MAIN
  C:01EAH         LINE#         35
  C:01EAH         LINE#         36
  C:01EAH         LINE#         37
  C:01EDH         LINE#         38
  C:01F0H         LINE#         39
  C:01F0H         LINE#         40
  C:01F0H         LINE#         41
  C:01FDH         LINE#         42
  C:020AH         LINE#         43
  C:0217H         LINE#         44
  -------         ENDPROC       MAIN
  -------         PROC          UART_ROUTINE
  C:00BAH         LINE#         47
  C:00D7H         LINE#         49
  C:00DAH         LINE#         50
  C:00DAH         LINE#         51
  C:00E3H         LINE#         52
  C:00EFH         LINE#         54
  C:00F1H         LINE#         55
  C:00F1H         LINE#         56
  -------         ENDPROC       UART_ROUTINE
  -------         ENDMOD        MAIN

  -------         MODULE        LCD1602
  C:0000H         SYMBOL        _ICE_DUMMY_
  D:0080H         PUBLIC        P0
  D:00A0H         PUBLIC        P2
  C:02D4H         PUBLIC        _LCD_WriteCommand
  C:023CH         PUBLIC        _LCD_ShowNum
  C:017FH         PUBLIC        _LCD_ShowBinNum
  C:02BFH         PUBLIC        LCD_Delay
  C:0146H         PUBLIC        _LCD_ShowHexNum
  C:0017H         PUBLIC        _LCD_WriteData
  B:00A0H.7       PUBLIC        LCD_EN
  C:02A5H         PUBLIC        LCD_Init
  C:0219H         PUBLIC        _LCD_ShowString
  C:02DEH         PUBLIC        _LCD_ShowChar
  B:00A0H.6       PUBLIC        LCD_RS
  B:00A0H.5       PUBLIC        LCD_RW
  C:028FH         PUBLIC        _LCD_SetCursor
  C:010CH         PUBLIC        _LCD_ShowSignedNum
  C:01C3H         PUBLIC        _LCD_Pow
  -------         PROC          L?0048
  -------         ENDPROC       L?0048
  -------         PROC          LCD_DELAY
  -------         DO            
BL51 BANKED LINKER/LOCATER V6.22                                                      06/26/2022  22:44:03  PAGE 5


  D:0007H         SYMBOL        i
  D:0006H         SYMBOL        j
  -------         ENDDO         
  C:02BFH         LINE#         15
  C:02BFH         LINE#         16
  C:02BFH         LINE#         19
  C:02C1H         LINE#         20
  C:02C3H         LINE#         22
  C:02C3H         LINE#         23
  C:02C5H         LINE#         24
  C:02C7H         LINE#         25
  -------         ENDPROC       LCD_DELAY
  -------         PROC          _LCD_WRITECOMMAND
  D:0007H         SYMBOL        Command
  C:02D4H         LINE#         32
  C:02D4H         LINE#         33
  C:02D4H         LINE#         34
  C:02D6H         LINE#         35
  C:02D6H         LINE#         36
  C:02D6H         LINE#         37
  C:02D6H         LINE#         38
  C:02D9H         LINE#         39
  C:02DBH         LINE#         40
  -------         ENDPROC       _LCD_WRITECOMMAND
  -------         PROC          L?0047
  -------         ENDPROC       L?0047
  -------         PROC          _LCD_WRITEDATA
  D:0007H         SYMBOL        Data
  C:0017H         LINE#         48
  C:0017H         LINE#         49
  C:0017H         LINE#         50
  C:0019H         LINE#         51
  C:0019H         LINE#         52
  C:0019H         LINE#         53
  C:0019H         LINE#         54
  C:001CH         LINE#         55
  C:001EH         LINE#         56
  -------         ENDPROC       _LCD_WRITEDATA
  -------         PROC          _LCD_SETCURSOR
  D:0006H         SYMBOL        Line
  D:0005H         SYMBOL        Column
  C:028FH         LINE#         65
  C:0291H         LINE#         66
  C:0291H         LINE#         67
  C:0294H         LINE#         68
  C:0294H         LINE#         69
  C:0296H         LINE#         70
  C:0298H         LINE#         71
  C:029BH         LINE#         72
  C:029BH         LINE#         73
  C:02A4H         LINE#         74
  C:02A4H         LINE#         75
  -------         ENDPROC       _LCD_SETCURSOR
  -------         PROC          LCD_INIT
  C:02A5H         LINE#         82
  C:02A5H         LINE#         83
  C:02A5H         LINE#         84
BL51 BANKED LINKER/LOCATER V6.22                                                      06/26/2022  22:44:03  PAGE 6


  C:02AAH         LINE#         85
  C:02AFH         LINE#         86
  C:02B4H         LINE#         87
  -------         ENDPROC       LCD_INIT
  -------         PROC          _LCD_SHOWCHAR
  D:0006H         SYMBOL        Line
  D:0005H         SYMBOL        Column
  D:0004H         SYMBOL        Char
  C:02DEH         LINE#         97
  C:02E0H         LINE#         98
  C:02E0H         LINE#         99
  C:02E3H         LINE#         100
  -------         ENDPROC       _LCD_SHOWCHAR
  -------         PROC          _LCD_SHOWSTRING
  D:0007H         SYMBOL        Line
  D:0005H         SYMBOL        Column
  D:0022H         SYMBOL        String
  -------         DO            
  D:0005H         SYMBOL        i
  -------         ENDDO         
  C:0219H         LINE#         110
  C:021FH         LINE#         111
  C:021FH         LINE#         113
  C:0222H         LINE#         114
  C:0235H         LINE#         115
  C:0235H         LINE#         116
  C:0238H         LINE#         117
  C:023BH         LINE#         118
  -------         ENDPROC       _LCD_SHOWSTRING
  C:01B9H         SYMBOL        L?0046
  -------         PROC          L?0045
  -------         ENDPROC       L?0045
  C:01B9H         SYMBOL        L?0046
  -------         PROC          _LCD_POW
  D:001EH         SYMBOL        X
  D:0020H         SYMBOL        Y
  -------         DO            
  D:0003H         SYMBOL        i
  D:0006H         SYMBOL        Result
  -------         ENDDO         
  C:01C3H         LINE#         123
  C:01CBH         LINE#         124
  C:01CBH         LINE#         126
  C:01CFH         LINE#         127
  C:01DFH         LINE#         128
  C:01DFH         LINE#         129
  C:01E6H         LINE#         130
  C:01E9H         LINE#         131
  C:01E9H         LINE#         132
  -------         ENDPROC       _LCD_POW
  -------         PROC          _LCD_SHOWNUM
  D:0007H         SYMBOL        Line
  D:0005H         SYMBOL        Column
  D:0011H         SYMBOL        Number
  D:0013H         SYMBOL        Length
  -------         DO            
  D:0002H         SYMBOL        i
BL51 BANKED LINKER/LOCATER V6.22                                                      06/26/2022  22:44:03  PAGE 7


  -------         ENDDO         
  C:023CH         LINE#         142
  C:0240H         LINE#         143
  C:0240H         LINE#         145
  C:0243H         LINE#         146
  C:024BH         LINE#         147
  C:024BH         LINE#         148
  C:0255H         LINE#         149
  C:0258H         LINE#         150
  -------         ENDPROC       _LCD_SHOWNUM
  -------         PROC          _LCD_SHOWSIGNEDNUM
  D:0007H         SYMBOL        Line
  D:0005H         SYMBOL        Column
  D:0002H         SYMBOL        Number
  D:000CH         SYMBOL        Length
  -------         DO            
  D:0002H         SYMBOL        i
  D:000DH         SYMBOL        Number1
  -------         ENDDO         
  C:010CH         LINE#         160
  C:010CH         LINE#         161
  C:010CH         LINE#         164
  C:010FH         LINE#         165
  C:0117H         LINE#         166
  C:0117H         LINE#         167
  C:011CH         LINE#         168
  C:0120H         LINE#         169
  C:0122H         LINE#         171
  C:0122H         LINE#         172
  C:0127H         LINE#         173
  C:0130H         LINE#         174
  C:0130H         LINE#         175
  C:0138H         LINE#         176
  C:0138H         LINE#         177
  C:0142H         LINE#         178
  C:0145H         LINE#         179
  -------         ENDPROC       _LCD_SHOWSIGNEDNUM
  -------         PROC          _LCD_SHOWHEXNUM
  D:0007H         SYMBOL        Line
  D:0005H         SYMBOL        Column
  D:0016H         SYMBOL        Number
  D:0018H         SYMBOL        Length
  -------         DO            
  D:0002H         SYMBOL        i
  D:0006H         SYMBOL        SingleNumber
  -------         ENDDO         
  C:0146H         LINE#         189
  C:014AH         LINE#         190
  C:014AH         LINE#         192
  C:014DH         LINE#         193
  C:0155H         LINE#         194
  C:0155H         LINE#         195
  C:016BH         LINE#         196
  C:0171H         LINE#         197
  C:0171H         LINE#         198
  C:0173H         LINE#         199
  C:0175H         LINE#         201
BL51 BANKED LINKER/LOCATER V6.22                                                      06/26/2022  22:44:03  PAGE 8


  C:0175H         LINE#         202
  C:017BH         LINE#         203
  C:017BH         LINE#         204
  C:017EH         LINE#         205
  -------         ENDPROC       _LCD_SHOWHEXNUM
  -------         PROC          _LCD_SHOWBINNUM
  D:0007H         SYMBOL        Line
  D:0005H         SYMBOL        Column
  D:001BH         SYMBOL        Number
  D:001DH         SYMBOL        Length
  -------         DO            
  D:0002H         SYMBOL        i
  -------         ENDDO         
  C:017FH         LINE#         215
  C:0183H         LINE#         216
  C:0183H         LINE#         218
  C:0186H         LINE#         219
  C:018EH         LINE#         220
  C:018EH         LINE#         221
  C:01B3H         LINE#         222
  C:01B6H         LINE#         223
  -------         ENDPROC       _LCD_SHOWBINNUM
  -------         ENDMOD        LCD1602

  -------         MODULE        ?C?CLDOPTR
  C:0026H         PUBLIC        ?C?CLDOPTR
  -------         ENDMOD        ?C?CLDOPTR

  -------         MODULE        ?C?IMUL
  C:0053H         PUBLIC        ?C?IMUL
  -------         ENDMOD        ?C?IMUL

  -------         MODULE        ?C?UIDIV
  C:0065H         PUBLIC        ?C?UIDIV
  -------         ENDMOD        ?C?UIDIV

*** WARNING L16: UNCALLED SEGMENT, IGNORED FOR OVERLAY PROCESS
    SEGMENT: ?PR?_UART_SENDBYTE?MAIN

*** WARNING L16: UNCALLED SEGMENT, IGNORED FOR OVERLAY PROCESS
    SEGMENT: ?PR?_LCD_SHOWNUM?LCD1602

*** WARNING L16: UNCALLED SEGMENT, IGNORED FOR OVERLAY PROCESS
    SEGMENT: ?PR?_LCD_SHOWSIGNEDNUM?LCD1602

*** WARNING L16: UNCALLED SEGMENT, IGNORED FOR OVERLAY PROCESS
    SEGMENT: ?PR?_LCD_SHOWHEXNUM?LCD1602

*** WARNING L16: UNCALLED SEGMENT, IGNORED FOR OVERLAY PROCESS
    SEGMENT: ?PR?_LCD_SHOWBINNUM?LCD1602

Program Size: data=38.0 xdata=0 code=750
LINK/LOCATE RUN COMPLETE.  5 WARNING(S),  0 ERROR(S)
