BL51 BANKED LINKER/LOCATER V6.22                                                        06/30/2022  15:15:36  PAGE 1


BL51 BANKED LINKER/LOCATER V6.22, INVOKED BY:
E:\KEIL5\C51\BIN\BL51.EXE .\Objects\STARTUP.obj, .\Objects\main.obj TO .\Objects\test7 PRINT (.\Listings\test7.m51) RAMS
>> IZE (256)


MEMORY MODEL: SMALL


INPUT MODULES INCLUDED:
  .\Objects\STARTUP.obj (?C_STARTUP)
  .\Objects\main.obj (MAIN)
  E:\KEIL5\C51\LIB\C51S.LIB (?C_INIT)


LINK MAP OF MODULE:  .\Objects\test7 (?C_STARTUP)


            TYPE    BASE      LENGTH    RELOCATION   SEGMENT NAME
            -----------------------------------------------------

            * * * * * * *   D A T A   M E M O R Y   * * * * * * *
            REG     0000H     0008H     ABSOLUTE     "REG BANK 0"
            DATA    0008H     0006H     UNIT         ?DT?MAIN
            IDATA   000EH     0001H     UNIT         ?STACK

            * * * * * * *   C O D E   M E M O R Y   * * * * * * *
            CODE    0000H     0003H     ABSOLUTE     
            CODE    0003H     0003H     ABSOLUTE     
            CODE    0006H     0003H     UNIT         ?PR?INT0?MAIN
                    0009H     0002H                  *** GAP ***
            CODE    000BH     0003H     ABSOLUTE     
            CODE    000EH     008CH     UNIT         ?C_C51STARTUP
            CODE    009AH     0086H     UNIT         ?PR?T0INT?MAIN
            CODE    0120H     0044H     UNIT         ?PR?MAIN?MAIN
            CODE    0164H     0019H     UNIT         ?PR?STOP?MAIN
            CODE    017DH     0016H     UNIT         ?PR?_DELAY_MS?MAIN
            CODE    0193H     0010H     UNIT         ?PR?T0INTINIT?MAIN
            CODE    01A3H     000AH     UNIT         ?C_INITSEG
            CODE    01ADH     000AH     UNIT         ?CO?MAIN



OVERLAY MAP OF MODULE:   .\Objects\test7 (?C_STARTUP)


SEGMENT
  +--> CALLED SEGMENT
---------------------
?C_C51STARTUP
  +--> ?PR?MAIN?MAIN
  +--> ?C_INITSEG

?PR?MAIN?MAIN
  +--> ?PR?T0INTINIT?MAIN
  +--> ?PR?STOP?MAIN
  +--> ?CO?MAIN

?PR?STOP?MAIN
BL51 BANKED LINKER/LOCATER V6.22                                                      06/30/2022  15:15:36  PAGE 2


  +--> ?PR?_DELAY_MS?MAIN



SYMBOL TABLE OF MODULE:  .\Objects\test7 (?C_STARTUP)

  VALUE           TYPE          NAME
  ----------------------------------

  -------         MODULE        ?C_STARTUP
  C:000EH         SEGMENT       ?C_C51STARTUP
  I:000EH         SEGMENT       ?STACK
  C:0000H         PUBLIC        ?C_STARTUP
  D:00E0H         SYMBOL        ACC
  D:00F0H         SYMBOL        B
  D:0083H         SYMBOL        DPH
  D:0082H         SYMBOL        DPL
  N:0000H         SYMBOL        IBPSTACK
  N:0100H         SYMBOL        IBPSTACKTOP
  N:0080H         SYMBOL        IDATALEN
  C:0011H         SYMBOL        IDATALOOP
  N:0000H         SYMBOL        PBPSTACK
  N:0100H         SYMBOL        PBPSTACKTOP
  N:0000H         SYMBOL        PDATALEN
  N:0000H         SYMBOL        PDATASTART
  N:0000H         SYMBOL        PPAGE
  N:0000H         SYMBOL        PPAGEENABLE
  D:00A0H         SYMBOL        PPAGE_SFR
  D:0081H         SYMBOL        SP
  C:000EH         SYMBOL        STARTUP1
  N:0000H         SYMBOL        XBPSTACK
  N:0000H         SYMBOL        XBPSTACKTOP
  N:0000H         SYMBOL        XDATALEN
  N:0000H         SYMBOL        XDATASTART
  C:0000H         LINE#         126
  C:000EH         LINE#         133
  C:0010H         LINE#         134
  C:0011H         LINE#         135
  C:0012H         LINE#         136
  C:0014H         LINE#         185
  C:0017H         LINE#         196
  -------         ENDMOD        ?C_STARTUP

  -------         MODULE        MAIN
  C:0000H         SYMBOL        _ICE_DUMMY_
  D:0080H         PUBLIC        P0
  B:0080H.0       PUBLIC        E_RED
  D:0090H         PUBLIC        P1
  D:00A0H         PUBLIC        P2
  D:00B0H         PUBLIC        P3
  B:0080H.1       PUBLIC        E_YELLOW
  B:00A8H.7       PUBLIC        EA
  B:0080H.3       PUBLIC        N_RED
  B:0080H.4       PUBLIC        N_YELLOW
  C:017DH         PUBLIC        _Delay_Ms
  B:0080H.2       PUBLIC        E_GREEN
  D:0008H         PUBLIC        flag
BL51 BANKED LINKER/LOCATER V6.22                                                      06/30/2022  15:15:36  PAGE 3


  B:0080H.5       PUBLIC        N_GREEN
  C:0120H         PUBLIC        main
  C:0193H         PUBLIC        T0INTinit
  D:0009H         PUBLIC        count
  D:0089H         PUBLIC        TMOD
  D:000AH         PUBLIC        shi
  B:0090H.0       PUBLIC        btn
  C:0164H         PUBLIC        stop
  B:00A8H.1       PUBLIC        ET0
  D:000BH         PUBLIC        ge
  D:008CH         PUBLIC        TH0
  C:01ADH         PUBLIC        ledTab
  D:008AH         PUBLIC        TL0
  D:000CH         PUBLIC        num
  B:0088H.4       PUBLIC        TR0
  D:000DH         PUBLIC        a
  B:00A0H.0       PUBLIC        SCON1
  B:00A0H.1       PUBLIC        SCON2
  C:009AH         PUBLIC        T0INT
  C:0006H         PUBLIC        int0
  -------         PROC          _DELAY_MS
  D:0006H         SYMBOL        x
  -------         DO            
  D:0005H         SYMBOL        t
  -------         ENDDO         
  C:017DH         LINE#         96
  C:017DH         LINE#         98
  C:0187H         LINE#         99
  C:0187H         LINE#         100
  C:0192H         LINE#         101
  C:0192H         LINE#         102
  -------         ENDPROC       _DELAY_MS
  -------         PROC          INT0
  C:0006H         LINE#         104
  C:0006H         LINE#         106
  C:0008H         LINE#         107
  -------         ENDPROC       INT0
  -------         PROC          STOP
  C:0164H         LINE#         110
  C:0164H         LINE#         111
  C:0167H         LINE#         112
  C:016EH         LINE#         113
  C:0170H         LINE#         114
  C:0176H         LINE#         115
  C:017CH         LINE#         116
  C:017CH         LINE#         117
  -------         ENDPROC       STOP
  -------         PROC          T0INTINIT
  C:0193H         LINE#         121
  C:0193H         LINE#         122
  C:0193H         LINE#         123
  C:0196H         LINE#         124
  C:0199H         LINE#         125
  C:019CH         LINE#         126
  C:019EH         LINE#         127
  C:01A0H         LINE#         128
  C:01A2H         LINE#         129
BL51 BANKED LINKER/LOCATER V6.22                                                      06/30/2022  15:15:36  PAGE 4


  -------         ENDPROC       T0INTINIT
  -------         PROC          T0INT
  C:009AH         LINE#         131
  C:00A3H         LINE#         133
  C:00A6H         LINE#         134
  C:00A9H         LINE#         135
  C:00ABH         LINE#         136
  C:00B1H         LINE#         137
  C:00B1H         LINE#         138
  C:00B3H         LINE#         139
  C:00B6H         LINE#         140
  C:00C0H         LINE#         141
  C:00C0H         LINE#         142
  C:00C3H         LINE#         143
  C:00C5H         LINE#         144
  C:00D0H         LINE#         145
  C:00D3H         LINE#         146
  C:00D5H         LINE#         147
  C:00D5H         LINE#         148
  C:00E6H         LINE#         149
  C:00E6H         LINE#         150
  C:00E6H         LINE#         151
  C:00ECH         LINE#         152
  C:00ECH         LINE#         153
  C:00EEH         LINE#         154
  C:00EEH         LINE#         155
  C:00F4H         LINE#         156
  C:00FAH         LINE#         157
  C:00FCH         LINE#         158
  C:00FCH         LINE#         159
  C:0102H         LINE#         160
  C:0108H         LINE#         161
  C:010AH         LINE#         162
  C:010AH         LINE#         163
  C:0110H         LINE#         164
  C:0119H         LINE#         165
  C:0119H         LINE#         166
  C:0119H         LINE#         167
  C:0119H         LINE#         168
  -------         ENDPROC       T0INT
  -------         PROC          MAIN
  C:0120H         LINE#         172
  C:0120H         LINE#         173
  C:0123H         LINE#         174
  C:0123H         LINE#         175
  C:0126H         LINE#         176
  C:0129H         LINE#         177
  C:0131H         LINE#         178
  C:013AH         LINE#         179
  C:0142H         LINE#         181
  C:014AH         LINE#         182
  C:0156H         LINE#         183
  C:0156H         LINE#         184
  C:0158H         LINE#         185
  C:0162H         LINE#         186
  -------         ENDPROC       MAIN
  -------         ENDMOD        MAIN
BL51 BANKED LINKER/LOCATER V6.22                                                      06/30/2022  15:15:36  PAGE 5



Program Size: data=15.0 xdata=0 code=437
LINK/LOCATE RUN COMPLETE.  0 WARNING(S),  0 ERROR(S)
