BL51 BANKED LINKER/LOCATER V6.22                                                        05/29/2022  13:24:29  PAGE 1


BL51 BANKED LINKER/LOCATER V6.22, INVOKED BY:
E:\KEIL5\C51\BIN\BL51.EXE .\Objects\STARTUP.obj, .\Objects\main.obj TO .\Objects\test3 PRINT (.\Listings\test3.m51)


MEMORY MODEL: SMALL


INPUT MODULES INCLUDED:
  .\Objects\STARTUP.obj (?C_STARTUP)
  .\Objects\main.obj (MAIN)
  E:\KEIL5\C51\LIB\C51S.LIB (?C?CSTPTR)
  E:\KEIL5\C51\LIB\C51S.LIB (?C?UIDIV)
  E:\KEIL5\C51\LIB\C51S.LIB (?C?ILDPTR)
  E:\KEIL5\C51\LIB\C51S.LIB (?C?ISTPTR)


LINK MAP OF MODULE:  .\Objects\test3 (?C_STARTUP)


            TYPE    BASE      LENGTH    RELOCATION   SEGMENT NAME
            -----------------------------------------------------

            * * * * * * *   D A T A   M E M O R Y   * * * * * * *
            REG     0000H     0008H     ABSOLUTE     "REG BANK 0"
            DATA    0008H     000BH     UNIT         _DATA_GROUP_
            IDATA   0013H     0001H     UNIT         ?STACK

            * * * * * * *   C O D E   M E M O R Y   * * * * * * *
            CODE    0000H     0003H     ABSOLUTE     
            CODE    0003H     00B1H     UNIT         ?C?LIB_CODE
            CODE    00B4H     00A3H     UNIT         ?PR?MAIN?MAIN
            CODE    0157H     000CH     UNIT         ?C_C51STARTUP



OVERLAY MAP OF MODULE:   .\Objects\test3 (?C_STARTUP)


SEGMENT                          DATA_GROUP 
  +--> CALLED SEGMENT          START    LENGTH
----------------------------------------------
?C_C51STARTUP                  -----    -----
  +--> ?PR?MAIN?MAIN

?PR?MAIN?MAIN                  0008H    000BH



SYMBOL TABLE OF MODULE:  .\Objects\test3 (?C_STARTUP)

  VALUE           TYPE          NAME
  ----------------------------------

  -------         MODULE        ?C_STARTUP
  C:0157H         SEGMENT       ?C_C51STARTUP
  I:0013H         SEGMENT       ?STACK
  C:0000H         PUBLIC        ?C_STARTUP
  D:00E0H         SYMBOL        ACC
BL51 BANKED LINKER/LOCATER V6.22                                                      05/29/2022  13:24:29  PAGE 2


  D:00F0H         SYMBOL        B
  D:0083H         SYMBOL        DPH
  D:0082H         SYMBOL        DPL
  N:0000H         SYMBOL        IBPSTACK
  N:0100H         SYMBOL        IBPSTACKTOP
  N:0080H         SYMBOL        IDATALEN
  C:015AH         SYMBOL        IDATALOOP
  N:0000H         SYMBOL        PBPSTACK
  N:0100H         SYMBOL        PBPSTACKTOP
  N:0000H         SYMBOL        PDATALEN
  N:0000H         SYMBOL        PDATASTART
  N:0000H         SYMBOL        PPAGE
  N:0000H         SYMBOL        PPAGEENABLE
  D:00A0H         SYMBOL        PPAGE_SFR
  D:0081H         SYMBOL        SP
  C:0157H         SYMBOL        STARTUP1
  N:0000H         SYMBOL        XBPSTACK
  N:0000H         SYMBOL        XBPSTACKTOP
  N:0000H         SYMBOL        XDATALEN
  N:0000H         SYMBOL        XDATASTART
  C:0000H         LINE#         126
  C:0157H         LINE#         133
  C:0159H         LINE#         134
  C:015AH         LINE#         135
  C:015BH         LINE#         136
  C:015DH         LINE#         185
  C:0160H         LINE#         196
  -------         ENDMOD        ?C_STARTUP

  -------         MODULE        MAIN
  C:0000H         SYMBOL        _ICE_DUMMY_
  C:00B4H         PUBLIC        main
  -------         PROC          MAIN
  -------         DO            
  D:0008H         SYMBOL        a
  D:000AH         SYMBOL        k
  D:0001H         SYMBOL        P3
  D:000CH         SYMBOL        i
  D:000DH         SYMBOL        P1
  D:0010H         SYMBOL        P2
  -------         ENDDO         
  C:00B4H         LINE#         3
  C:00B4H         LINE#         4
  C:00B4H         LINE#         7
  C:00BDH         LINE#         8
  C:00C6H         LINE#         9
  C:00CCH         LINE#         11
  C:00D4H         LINE#         12
  C:00DCH         LINE#         13
  C:00E2H         LINE#         15
  C:0101H         LINE#         16
  C:010AH         LINE#         17
  C:010AH         LINE#         18
  C:011FH         LINE#         19
  C:012EH         LINE#         20
  C:0139H         LINE#         21
  C:0148H         LINE#         22
BL51 BANKED LINKER/LOCATER V6.22                                                      05/29/2022  13:24:29  PAGE 3


  C:014CH         LINE#         23
  -------         ENDPROC       MAIN
  -------         ENDMOD        MAIN

  -------         MODULE        ?C?CSTPTR
  C:0003H         PUBLIC        ?C?CSTPTR
  -------         ENDMOD        ?C?CSTPTR

  -------         MODULE        ?C?UIDIV
  C:0015H         PUBLIC        ?C?UIDIV
  -------         ENDMOD        ?C?UIDIV

  -------         MODULE        ?C?ILDPTR
  C:006AH         PUBLIC        ?C?ILDPTR
  -------         ENDMOD        ?C?ILDPTR

  -------         MODULE        ?C?ISTPTR
  C:0095H         PUBLIC        ?C?ISTPTR
  -------         ENDMOD        ?C?ISTPTR

Program Size: data=20.0 xdata=0 code=355
LINK/LOCATE RUN COMPLETE.  0 WARNING(S),  0 ERROR(S)
